// Jest Snapshot v1, https://goo.gl/fbAQLP

exports[`renders correctly 1`] = `
<nav
  className="footer__nav"
>
  <h6
    className="footer__nav_title h6"
  >
    Мы в соцсетях
  </h6>
  <ul
    className="footer__nav_list"
  >
    <li
      className="footer__nav_item link_in_list__item"
    >
      <a
        className="footer__nav_link link_in_list__link"
      >
        YouTube
      </a>
    </li>
    <li
      className="footer__nav_item link_in_list__item"
    >
      <a
        className="footer__nav_link link_in_list__link"
      >
        Facebook
      </a>
    </li>
    <li
      className="footer__nav_item link_in_list__item"
    >
      <a
        className="footer__nav_link link_in_list__link"
      >
        Instagram
      </a>
    </li>
    <li
      className="footer__nav_item link_in_list__item"
    >
      <a
        className="footer__nav_link link_in_list__link"
      >
        ВКонтакте
      </a>
    </li>
    <li
      className="footer__nav_item"
    >
      <address
        className="footer__nav_address"
      >
        <span>
           Москва ул. Проспект 
        </span>
        <span>
           Вернадского 86В 
        </span>
      </address>
    </li>
  </ul>
</nav>
`;
