// Jest Snapshot v1, https://goo.gl/fbAQLP

exports[`renders correctly 1`] = `
<footer
  className="footer"
>
  <div
    className="footer__left_side"
  >
    <div
      className="footer__logo"
    >
      <a
        className="logo"
      >
        <img
          alt="logo"
          src="./icons/logo_1.png"
        />
      </a>
    </div>
    <div
      className="footer__info"
    >
      <a
        className="footer__info_link link"
        href="#"
      >
        Калорийность и состав
      </a>
      <a
        className="footer__info_link link"
        href="#"
      >
        Правовая информация
      </a>
    </div>
    <nav
      className="footer__nav"
    >
      <h6
        className="footer__nav_title h6"
      >
        Мы в соцсетях
      </h6>
      <ul
        className="footer__nav_list"
      >
        <li
          className="footer__nav_item link_in_list__item"
        >
          <a
            className="footer__nav_link link_in_list__link"
          >
            YouTube
          </a>
        </li>
        <li
          className="footer__nav_item link_in_list__item"
        >
          <a
            className="footer__nav_link link_in_list__link"
          >
            Facebook
          </a>
        </li>
        <li
          className="footer__nav_item link_in_list__item"
        >
          <a
            className="footer__nav_link link_in_list__link"
          >
            Instagram
          </a>
        </li>
        <li
          className="footer__nav_item link_in_list__item"
        >
          <a
            className="footer__nav_link link_in_list__link"
          >
            ВКонтакте
          </a>
        </li>
        <li
          className="footer__nav_item"
        >
          <address
            className="footer__nav_address"
          >
            <span>
               Москва ул. Проспект 
            </span>
            <span>
               Вернадского 86В 
            </span>
          </address>
        </li>
      </ul>
    </nav>
    <div
      className="footer__copyright"
    >
      <span>
        YaBao Все права защищены © 2021
      </span>
      <div
        className="footer__copyright_imgs"
      >
        <div
          className="footer__copyright_img"
        >
          <img
            alt="visa"
            src="./icons/visa.png"
          />
        </div>
        <div
          className="footer__copyright_img"
        >
          <img
            alt="paypal"
            src="./icons/paypal.png"
          />
        </div>
        <div
          className="footer__copyright_img"
        >
          <img
            alt="mastercard"
            src="./icons/mastercard.png"
          />
        </div>
      </div>
    </div>
  </div>
  <div
    className="footer__right_side"
  >
    <nav
      className="footer__contacts"
    >
      <h6
        className="footer__contacts_title h6"
      >
        Остались вопросы? А мы всегда на связи:
      </h6>
      <ul
        className="footer__contacts_list"
      >
        <li
          className="footer__contacts_item link_in_list__item"
        >
          <a
            className="footer__contacts_link_img link_in_list__link"
          >
            <img
              alt="viber"
              src="./icons/viber.png"
            />
          </a>
        </li>
        <li
          className="footer__contacts_item link_in_list__item"
        >
          <a
            className="footer__contacts_link_img link_in_list__link"
          >
            <img
              alt="skype"
              src="./icons/skype.png"
            />
          </a>
        </li>
        <li
          className="footer__contacts_item link_in_list__item"
        >
          <a
            className="footer__contacts_link_img link_in_list__link"
          >
            <img
              alt="messenger"
              src="./icons/messenger.png"
            />
          </a>
        </li>
        <li
          className="footer__contacts_item link_in_list__item"
        >
          <a
            className="footer__contacts_link_img link_in_list__link"
          >
            <img
              alt="telegram"
              src="./icons/telegram.png"
            />
          </a>
        </li>
        <li
          className="footer__contacts_item link_in_list__item"
        >
          <a
            className="footer__contacts_link_img link_in_list__link"
          >
            <img
              alt="facebook"
              src="./icons/facebook.png"
            />
          </a>
        </li>
        <li
          className="footer__contacts_item link_in_list__item"
        >
          <a
            className="footer__contacts_link_img link_in_list__link"
          >
            <img
              alt="vk"
              src="./icons/vk.png"
            />
          </a>
        </li>
        <li
          className="footer__contacts_item link_in_list__item"
        >
          <a
            className="footer__contacts_link link_in_list__link"
          >
            Написать нам
          </a>
        </li>
      </ul>
    </nav>
    <div
      className="footer__phone_info"
    >
      <a
        className="footer__phone_number phone_number"
        href="tel:84993918449"
      >
        8 499 391-84-49
      </a>
      <button
        className="footer__get_call oval_btn"
      >
        Заказать звонок
      </button>
    </div>
  </div>
  <div
    className="footer__bg_img"
  >
    <img
      alt="bg"
      src="./content/logo_2.png"
    />
  </div>
</footer>
`;
