// Jest Snapshot v1, https://goo.gl/fbAQLP

exports[`renders correctly 1`] = `
<nav
  className="header__navbar"
>
  <ul
    className="header__list"
  >
    <li
      className="header__item link_in_list__item"
    >
      <a
        className="header__link link_in_list__link"
      >
        Пиццы
      </a>
    </li>
    <li
      className="header__item link_in_list__item"
    >
      <a
        className="header__link link_in_list__link"
      >
        Пасты
      </a>
    </li>
    <li
      className="header__item link_in_list__item"
    >
      <a
        className="header__link link_in_list__link"
      >
        Супы
      </a>
    </li>
    <li
      className="header__item link_in_list__item"
    >
      <a
        className="header__link link_in_list__link"
      >
        Салаты
      </a>
    </li>
    <li
      className="header__item link_in_list__item"
    >
      <a
        className="header__link link_in_list__link"
      >
        Напитки
      </a>
    </li>
    <li
      className="header__item link_in_list__item"
    >
      <a
        className="header__link link_in_list__link"
      >
        Закуски
      </a>
    </li>
    <li
      className="header__item link_in_list__item"
    >
      <a
        className="header__link link_in_list__link"
      >
        Акции
      </a>
    </li>
    <li
      className="header__item link_in_list__item"
    >
      <a
        className="header__link link_in_list__link"
      >
        Контакты
      </a>
    </li>
  </ul>
  <div
    className="header__right_bottom_side"
  >
    <button
      className="header__auth"
    >
      Войти
    </button>
    <button
      className="header__cart_btn default_button"
    >
      Корзина | 0
    </button>
  </div>
</nav>
`;
