// Jest Snapshot v1, https://goo.gl/fbAQLP

exports[`renders correctly 1`] = `
Array [
  <div
    className="input__wrap"
  >
    <input
      className="input"
      onBlur={[Function]}
      onChange={[Function]}
      onFocus={[Function]}
      onMouseDown={[Function]}
      onPaste={[Function]}
      placeholder="9"
    />
    <div
      className="none"
    >
      <div
        className="input_error_alert__img"
      >
        <img
          alt="warn"
          src="./icons/warn.png"
        />
      </div>
      <span
        className="input_error_alert__text"
      />
    </div>
  </div>,
  <div
    className="input__wrap"
  >
    <input
      className="input__errored input"
      onBlur={[Function]}
      onChange={[Function]}
      onFocus={[Function]}
      onMouseDown={[Function]}
      onPaste={[Function]}
      placeholder="9"
    />
    <div
      className="input_error_alert"
    >
      <div
        className="input_error_alert__img"
      >
        <img
          alt="warn"
          src="./icons/warn.png"
        />
      </div>
      <span
        className="input_error_alert__text"
      >
        Errored
      </span>
    </div>
  </div>,
  <div
    className="input__wrap"
  >
    <input
      className="input"
      disabled={true}
      onBlur={[Function]}
      onChange={[Function]}
      onFocus={[Function]}
      placeholder="9"
    />
    <div
      className="none"
    >
      <div
        className="input_error_alert__img"
      >
        <img
          alt="warn"
          src="./icons/warn.png"
        />
      </div>
      <span
        className="input_error_alert__text"
      />
    </div>
  </div>,
  <div
    className="input__wrap"
  >
    <input
      className="input__errored input"
      disabled={true}
      onBlur={[Function]}
      onChange={[Function]}
      onFocus={[Function]}
      placeholder="9"
    />
    <div
      className="input_error_alert"
    >
      <div
        className="input_error_alert__img"
      >
        <img
          alt="warn"
          src="./icons/warn.png"
        />
      </div>
      <span
        className="input_error_alert__text"
      >
        Errored
      </span>
    </div>
  </div>,
]
`;
