// Jest Snapshot v1, https://goo.gl/fbAQLP

exports[`renders correctly 1`] = `
<section
  className="promo_list"
>
  <h4
    className="promo_list__title h3"
  >
    Акции
  </h4>
  <div
    className="promo_list__content"
  >
    <div
      className="promo_list__promo"
    >
      <div
        className="promo_list__promo_img"
      >
        <img
          alt="promo"
          src="./content/promo_banner_1.jpg"
        />
      </div>
      <div
        className="promo_list__promo_info"
      >
        <h4
          className="promo_list__promo_title h4"
        >
          some promo title
        </h4>
        <p
          className="promo_list__promo_text text"
        >
          some promo text
        </p>
      </div>
      <button
        className="promo_list__promo_btn default_button"
        onClick={[Function]}
      >
        Посмотреть
      </button>
    </div>
    <div
      className="promo_list__promo"
    >
      <div
        className="promo_list__promo_img"
      >
        <img
          alt="promo"
          src="./content/promo_banner_1.jpg"
        />
      </div>
      <div
        className="promo_list__promo_info"
      >
        <h4
          className="promo_list__promo_title h4"
        >
          some promo title
        </h4>
        <p
          className="promo_list__promo_text text"
        >
          some promo text
        </p>
      </div>
      <button
        className="promo_list__promo_btn default_button"
        onClick={[Function]}
      >
        Посмотреть
      </button>
    </div>
    <div
      className="promo_list__promo"
    >
      <div
        className="promo_list__promo_img"
      >
        <img
          alt="promo"
          src="./content/promo_banner_1.jpg"
        />
      </div>
      <div
        className="promo_list__promo_info"
      >
        <h4
          className="promo_list__promo_title h4"
        >
          some promo title
        </h4>
        <p
          className="promo_list__promo_text text"
        >
          some promo text
        </p>
      </div>
      <button
        className="promo_list__promo_btn default_button"
        onClick={[Function]}
      >
        Посмотреть
      </button>
    </div>
  </div>
</section>
`;
